[pid 18150] <... rt_sigprocmask resumed>NULL, 8) = 0
[pid 18146] fcntl(14, F_GETFL <unfinished ...>
[pid 18150] sched_getparam(18150,  <unfinished ...>
[pid 18146] <... fcntl resumed>)        = 0x802 (flags O_RDWR|O_NONBLOCK)
[pid 18150] <... sched_getparam resumed>[0]) = 0
[pid 18146] fcntl(14, F_SETFL, O_RDWR|O_NONBLOCK <unfinished ...>
[pid 18150] sched_getscheduler(18150 <unfinished ...>
[pid 18146] <... fcntl resumed>)        = 0
[pid 18150] <... sched_getscheduler resumed>) = 0 (SCHED_OTHER)
[pid 18146] getpid( <unfinished ...>
[pid 18150] sched_setscheduler(18150, SCHED_OTHER, [0] <unfinished ...>
[pid 18146] <... getpid resumed>)       = 18146
[pid 18150] <... sched_setscheduler resumed>) = 0
[pid 18150] prctl(PR_SET_NAME, "ZMQbg/IO/0" <unfinished ...>
[pid 18146] eventfd2(0, EFD_CLOEXEC <unfinished ...>
[pid 18150] <... prctl resumed>)        = 0
[pid 18146] <... eventfd2 resumed>)     = 15
[pid 18150] epoll_wait(13,  <unfinished ...>
[pid 18146] fcntl(15, F_GETFL)          = 0x2 (flags O_RDWR)
[pid 18146] fcntl(15, F_SETFL, O_RDWR|O_NONBLOCK) = 0
[pid 18146] fcntl(15, F_GETFL)          = 0x802 (flags O_RDWR|O_NONBLOCK)
[pid 18146] fcntl(15, F_SETFL, O_RDWR|O_NONBLOCK) = 0
[pid 18146] getpid()                    = 18146
[pid 18146] getpid()                    = 18146
[pid 18146] brk(0x559cebf63000)         = 0x559cebf63000
[pid 18146] eventfd2(0, EFD_CLOEXEC)    = 16
[pid 18146] fcntl(16, F_GETFL)          = 0x2 (flags O_RDWR)
[pid 18146] fcntl(16, F_SETFL, O_RDWR|O_NONBLOCK) = 0
[pid 18146] fcntl(16, F_GETFL)          = 0x802 (flags O_RDWR|O_NONBLOCK)
[pid 18146] fcntl(16, F_SETFL, O_RDWR|O_NONBLOCK) = 0
[pid 18146] getpid()                    = 18146
[pid 18146] epoll_create1(EPOLL_CLOEXEC) = 17
[pid 18146] epoll_ctl(17, EPOLL_CTL_ADD, 16, {events=0, data={u32=3958632736, u64=94132461891872}}) = 0
[pid 18146] epoll_ctl(17, EPOLL_CTL_MOD, 16, {events=EPOLLIN, data={u32=3958632736, u64=94132461891872}}) = 0
[pid 18146] getpid()                    = 18146
[pid 18146] mmap(NULL, 8392704, PROT_NONE, MAP_PRIVATE|MAP_ANONYMOUS|MAP_STACK, -1, 0) = 0x7f9e822b7000
[pid 18146] mprotect(0x7f9e822b8000, 8388608, PROT_READ|PROT_WRITE) = 0
[pid 18146] rt_sigprocmask(SIG_BLOCK, ~[], [], 8) = 0
[pid 18146] clone3({flags=CLONE_VM|CLONE_FS|CLONE_FILES|CLONE_SIGHAND|CLONE_THREAD|CLONE_SYSVSEM|CLONE_SETTLS|CLONE_PARENT_SETTID|CLONE_CHILD_CLEARTID, child_tid=0x7f9e82ab7910, parent_tid=0x7f9e82ab7910, exit_signal=0, stack=0x7f9e822b7000, stack_size=0x7ffc80, tls=0x7f9e82ab7640}strace: Process 18151 attached
 => {parent_tid=[18151]}, 88) = 18151
[pid 18151] rseq(0x7f9e82ab7fe0, 0x20, 0, 0x53053053 <unfinished ...>
[pid 18146] rt_sigprocmask(SIG_SETMASK, [],  <unfinished ...>
[pid 18151] <... rseq resumed>)         = 0
[pid 18146] <... rt_sigprocmask resumed>NULL, 8) = 0
[pid 18151] set_robust_list(0x7f9e82ab7920, 24) = 0
[pid 18146] eventfd2(0, EFD_CLOEXEC <unfinished ...>
[pid 18151] rt_sigprocmask(SIG_SETMASK, [], NULL, 8) = 0
[pid 18146] <... eventfd2 resumed>)     = 18
[pid 18151] rt_sigprocmask(SIG_BLOCK, ~[RTMIN RT_1],  <unfinished ...>
[pid 18146] fcntl(18, F_GETFL <unfinished ...>
[pid 18151] <... rt_sigprocmask resumed>NULL, 8) = 0
[pid 18146] <... fcntl resumed>)        = 0x2 (flags O_RDWR)
[pid 18151] sched_getparam(18151,  <unfinished ...>
[pid 18146] fcntl(18, F_SETFL, O_RDWR|O_NONBLOCK <unfinished ...>
[pid 18151] <... sched_getparam resumed>[0]) = 0
[pid 18146] <... fcntl resumed>)        = 0
[pid 18151] sched_getscheduler(18151 <unfinished ...>
[pid 18146] fcntl(18, F_GETFL <unfinished ...>
[pid 18151] <... sched_getscheduler resumed>) = 0 (SCHED_OTHER)
[pid 18146] <... fcntl resumed>)        = 0x802 (flags O_RDWR|O_NONBLOCK)
[pid 18151] sched_setscheduler(18151, SCHED_OTHER, [0] <unfinished ...>
[pid 18146] fcntl(18, F_SETFL, O_RDWR|O_NONBLOCK <unfinished ...>
[pid 18151] <... sched_setscheduler resumed>) = 0
[pid 18146] <... fcntl resumed>)        = 0
[pid 18151] prctl(PR_SET_NAME, "ZMQbg/Reaper" <unfinished ...>
[pid 18146] getpid( <unfinished ...>
[pid 18151] <... prctl resumed>)        = 0
[pid 18146] <... getpid resumed>)       = 18146
[pid 18151] epoll_wait(17,  <unfinished ...>
[pid 18146] epoll_create1(EPOLL_CLOEXEC) = 19
[pid 18146] epoll_ctl(19, EPOLL_CTL_ADD, 18, {events=0, data={u32=3958650032, u64=94132461909168}}) = 0
[pid 18146] epoll_ctl(19, EPOLL_CTL_MOD, 18, {events=EPOLLIN, data={u32=3958650032, u64=94132461909168}}) = 0
[pid 18146] mmap(NULL, 8392704, PROT_NONE, MAP_PRIVATE|MAP_ANONYMOUS|MAP_STACK, -1, 0) = 0x7f9e81ab6000
[pid 18146] mprotect(0x7f9e81ab7000, 8388608, PROT_READ|PROT_WRITE) = 0
[pid 18146] rt_sigprocmask(SIG_BLOCK, ~[], [], 8) = 0
[pid 18146] clone3({flags=CLONE_VM|CLONE_FS|CLONE_FILES|CLONE_SIGHAND|CLONE_THREAD|CLONE_SYSVSEM|CLONE_SETTLS|CLONE_PARENT_SETTID|CLONE_CHILD_CLEARTID, child_tid=0x7f9e822b6910, parent_tid=0x7f9e822b6910, exit_signal=0, stack=0x7f9e81ab6000, stack_size=0x7ffc80, tls=0x7f9e822b6640}strace: Process 18152 attached
 => {parent_tid=[18152]}, 88) = 18152
[pid 18152] rseq(0x7f9e822b6fe0, 0x20, 0, 0x53053053 <unfinished ...>
[pid 18146] rt_sigprocmask(SIG_SETMASK, [],  <unfinished ...>
[pid 18152] <... rseq resumed>)         = 0
[pid 18146] <... rt_sigprocmask resumed>NULL, 8) = 0
[pid 18152] set_robust_list(0x7f9e822b6920, 24) = 0
[pid 18146] eventfd2(0, EFD_CLOEXEC <unfinished ...>
[pid 18152] rt_sigprocmask(SIG_SETMASK, [],  <unfinished ...>
[pid 18146] <... eventfd2 resumed>)     = 20
[pid 18152] <... rt_sigprocmask resumed>NULL, 8) = 0
[pid 18146] fcntl(20, F_GETFL <unfinished ...>
[pid 18152] rt_sigprocmask(SIG_BLOCK, ~[RTMIN RT_1],  <unfinished ...>
[pid 18146] <... fcntl resumed>)        = 0x2 (flags O_RDWR)
[pid 18152] <... rt_sigprocmask resumed>NULL, 8) = 0
[pid 18146] fcntl(20, F_SETFL, O_RDWR|O_NONBLOCK <unfinished ...>
[pid 18152] sched_getparam(18152, [0])  = 0
[pid 18146] <... fcntl resumed>)        = 0
[pid 18152] sched_getscheduler(18152 <unfinished ...>
[pid 18146] fcntl(20, F_GETFL <unfinished ...>
[pid 18152] <... sched_getscheduler resumed>) = 0 (SCHED_OTHER)
[pid 18146] <... fcntl resumed>)        = 0x802 (flags O_RDWR|O_NONBLOCK)
[pid 18152] sched_setscheduler(18152, SCHED_OTHER, [0] <unfinished ...>
[pid 18146] fcntl(20, F_SETFL, O_RDWR|O_NONBLOCK <unfinished ...>
[pid 18152] <... sched_setscheduler resumed>) = 0
[pid 18146] <... fcntl resumed>)        = 0
[pid 18152] prctl(PR_SET_NAME, "ZMQbg/IO/0" <unfinished ...>
[pid 18146] getpid( <unfinished ...>
[pid 18152] <... prctl resumed>)        = 0
[pid 18146] <... getpid resumed>)       = 18146
[pid 18152] epoll_wait(19,  <unfinished ...>
[pid 18146] getpid()                    = 18146
[pid 18146] poll([{fd=8, events=POLLIN}], 1, 0) = 0 (Timeout)
[pid 18146] socket(AF_INET, SOCK_STREAM|SOCK_CLOEXEC, IPPROTO_TCP) = 21
[pid 18146] setsockopt(21, SOL_SOCKET, SO_REUSEADDR, [1], 4) = 0
[pid 18146] bind(21, {sa_family=AF_INET, sin_port=htons(5509), sin_addr=inet_addr("0.0.0.0")}, 16) = 0
[pid 18146] listen(21, 100)             = 0
[pid 18146] getsockname(21, {sa_family=AF_INET, sin_port=htons(5509), sin_addr=inet_addr("0.0.0.0")}, [128 => 16]) = 0
[pid 18146] getsockname(21, {sa_family=AF_INET, sin_port=htons(5509), sin_addr=inet_addr("0.0.0.0")}, [128 => 16]) = 0
[pid 18146] getpid()                    = 18146
[pid 18146] write(6, "\1\0\0\0\0\0\0\0", 8) = 8
[pid 18148] <... epoll_wait resumed>[{events=EPOLLIN, data={u32=3958605536, u64=94132461864672}}], 256, -1) = 1
[pid 18146] getpid( <unfinished ...>
[pid 18148] getpid( <unfinished ...>
[pid 18146] <... getpid resumed>)       = 18146
[pid 18148] <... getpid resumed>)       = 18146
[pid 18146] write(8, "\1\0\0\0\0\0\0\0", 8 <unfinished ...>
[pid 18148] poll([{fd=6, events=POLLIN}], 1, 0 <unfinished ...>
[pid 18146] <... write resumed>)        = 8
[pid 18148] <... poll resumed>)         = 1 ([{fd=6, revents=POLLIN}])
[pid 18148] getpid( <unfinished ...>
[pid 18146] getpid( <unfinished ...>
[pid 18148] <... getpid resumed>)       = 18146
[pid 18146] <... getpid resumed>)       = 18146
[pid 18148] read(6,  <unfinished ...>
[pid 18146] poll([{fd=8, events=POLLIN}], 1, -1 <unfinished ...>
[pid 18148] <... read resumed>"\1\0\0\0\0\0\0\0", 8) = 8
[pid 18146] <... poll resumed>)         = 1 ([{fd=8, revents=POLLIN}])
[pid 18148] mmap(NULL, 134217728, PROT_NONE, MAP_PRIVATE|MAP_ANONYMOUS|MAP_NORESERVE, -1, 0 <unfinished ...>
[pid 18146] getpid( <unfinished ...>
[pid 18148] <... mmap resumed>)         = 0x7f9e79ab6000
[pid 18146] <... getpid resumed>)       = 18146
[pid 18148] munmap(0x7f9e79ab6000, 39100416 <unfinished ...>
[pid 18146] read(8, "\1\0\0\0\0\0\0\0", 8) = 8
[pid 18148] <... munmap resumed>)       = 0
[pid 18148] munmap(0x7f9e80000000, 28008448 <unfinished ...>
[pid 18146] getpid( <unfinished ...>
[pid 18148] <... munmap resumed>)       = 0
[pid 18146] <... getpid resumed>)       = 18146
[pid 18148] mprotect(0x7f9e7c000000, 135168, PROT_READ|PROT_WRITE <unfinished ...>
[pid 18146] poll([{fd=8, events=POLLIN}], 1, 0 <unfinished ...>
[pid 18148] <... mprotect resumed>)     = 0
[pid 18146] <... poll resumed>)         = 0 (Timeout)
[pid 18148] epoll_ctl(7, EPOLL_CTL_ADD, 21, {events=0, data={u32=2080377712, u64=140318661938032}} <unfinished ...>
[pid 18146] getpid( <unfinished ...>
[pid 18148] <... epoll_ctl resumed>)    = 0
[pid 18146] <... getpid resumed>)       = 18146
[pid 18148] epoll_ctl(7, EPOLL_CTL_MOD, 21, {events=EPOLLIN, data={u32=2080377712, u64=140318661938032}} <unfinished ...>
[pid 18146] poll([{fd=8, events=POLLIN}], 1, -1 <unfinished ...>
[pid 18148] <... epoll_ctl resumed>)    = 0
[pid 18148] getpid()                    = 18146
[pid 18148] poll([{fd=6, events=POLLIN}], 1, 0) = 0 (Timeout)
[pid 18148] epoll_wait(7,  <unfinished ...>
[pid 17875] <... clock_nanosleep resumed>0x7ffcff5bd000) = 0
[pid 17875] write(1, "OK: 18146\n", 10OK: 18146
) = 10
[pid 17875] write(1, "> ", 2> )           = 2
[pid 17875] read(0,  <unfinished ...>
[pid 18131] <... epoll_wait resumed>[], 256, 183) = 0
[pid 18131] newfstatat(AT_FDCWD, "/etc/resolv.conf", {st_mode=S_IFREG|0644, st_size=920, ...}, 0) = 0
[pid 18131] newfstatat(AT_FDCWD, "/etc/nsswitch.conf", {st_mode=S_IFREG|0644, st_size=553, ...}, 0) = 0
[pid 18131] openat(AT_FDCWD, "/etc/hosts", O_RDONLY|O_CLOEXEC) = 23
[pid 18131] newfstatat(23, "", {st_mode=S_IFREG|0644, st_size=250, ...}, AT_EMPTY_PATH) = 0
[pid 18131] lseek(23, 0, SEEK_SET)      = 0
[pid 18131] read(23, "127.0.0.1\tlocalhost\n127.0.1.1\tpa"..., 4096) = 250
[pid 18131] read(23, "", 4096)          = 0
[pid 18131] close(23)                   = 0
[pid 18131] socket(AF_INET, SOCK_STREAM|SOCK_CLOEXEC, IPPROTO_TCP) = 23
[pid 18131] fcntl(23, F_GETFL)          = 0x2 (flags O_RDWR)
[pid 18131] fcntl(23, F_SETFL, O_RDWR|O_NONBLOCK) = 0
[pid 18131] connect(23, {sa_family=AF_INET, sin_port=htons(5509), sin_addr=inet_addr("127.0.0.1")}, 16) = -1 EINPROGRESS (Operation now in progress)
[pid 18148] <... epoll_wait resumed>[{events=EPOLLIN, data={u32=2080377712, u64=140318661938032}}], 256, -1) = 1
[pid 18131] epoll_ctl(13, EPOLL_CTL_ADD, 23, {events=0, data={u32=1140860640, u64=140601190262496}} <unfinished ...>
[pid 18148] accept4(21,  <unfinished ...>
[pid 18131] <... epoll_ctl resumed>)    = 0
[pid 18131] epoll_ctl(13, EPOLL_CTL_MOD, 23, {events=EPOLLOUT, data={u32=1140860640, u64=140601190262496}} <unfinished ...>
[pid 18148] <... accept4 resumed>{sa_family=AF_INET, sin_port=htons(55844), sin_addr=inet_addr("127.0.0.1")}, [128 => 16], SOCK_CLOEXEC) = 22
[pid 18131] <... epoll_ctl resumed>)    = 0
[pid 18148] setsockopt(22, SOL_TCP, TCP_NODELAY, [1], 4 <unfinished ...>
[pid 18131] epoll_wait(13,  <unfinished ...>
[pid 18148] <... setsockopt resumed>)   = 0
[pid 18131] <... epoll_wait resumed>[{events=EPOLLOUT, data={u32=1140860640, u64=140601190262496}}], 256, -1) = 1
[pid 18131] epoll_ctl(13, EPOLL_CTL_DEL, 23, 0x7fe0440026e4 <unfinished ...>
[pid 18148] getpeername(22,  <unfinished ...>
[pid 18131] <... epoll_ctl resumed>)    = 0
[pid 18148] <... getpeername resumed>{sa_family=AF_INET, sin_port=htons(55844), sin_addr=inet_addr("127.0.0.1")}, [128 => 16]) = 0
[pid 18131] getsockopt(23, SOL_SOCKET, SO_ERROR,  <unfinished ...>
[pid 18148] getsockname(22,  <unfinished ...>
[pid 18131] <... getsockopt resumed>[0], [4]) = 0
[pid 18148] <... getsockname resumed>{sa_family=AF_INET, sin_port=htons(5509), sin_addr=inet_addr("127.0.0.1")}, [128 => 16]) = 0
[pid 18131] setsockopt(23, SOL_TCP, TCP_NODELAY, [1], 4 <unfinished ...>
[pid 18148] getpeername(22,  <unfinished ...>
[pid 18131] <... setsockopt resumed>)   = 0
[pid 18148] <... getpeername resumed>{sa_family=AF_INET, sin_port=htons(55844), sin_addr=inet_addr("127.0.0.1")}, [128 => 16]) = 0
[pid 18131] getsockname(23,  <unfinished ...>
[pid 18148] fcntl(22, F_GETFL <unfinished ...>
[pid 18131] <... getsockname resumed>{sa_family=AF_INET, sin_port=htons(55844), sin_addr=inet_addr("127.0.0.1")}, [128 => 16]) = 0
[pid 18148] <... fcntl resumed>)        = 0x2 (flags O_RDWR)
[pid 18148] fcntl(22, F_SETFL, O_RDWR|O_NONBLOCK <unfinished ...>
[pid 18131] getpeername(23,  <unfinished ...>
[pid 18148] <... fcntl resumed>)        = 0
[pid 18131] <... getpeername resumed>{sa_family=AF_INET, sin_port=htons(5509), sin_addr=inet_addr("127.0.0.1")}, [128 => 16]) = 0
[pid 18148] getpid( <unfinished ...>
[pid 18131] fcntl(23, F_GETFL <unfinished ...>
[pid 18148] <... getpid resumed>)       = 18146
[pid 18131] <... fcntl resumed>)        = 0x802 (flags O_RDWR|O_NONBLOCK)
[pid 18148] write(6, "\1\0\0\0\0\0\0\0", 8 <unfinished ...>
[pid 18131] fcntl(23, F_SETFL, O_RDWR|O_NONBLOCK <unfinished ...>
[pid 18148] <... write resumed>)        = 8
[pid 18131] <... fcntl resumed>)        = 0
[pid 18148] epoll_wait(7,  <unfinished ...>
[pid 18131] getpid( <unfinished ...>
[pid 18148] <... epoll_wait resumed>[{events=EPOLLIN, data={u32=3958605536, u64=94132461864672}}], 256, -1) = 1
[pid 18131] <... getpid resumed>)       = 18127
[pid 18148] getpid( <unfinished ...>
[pid 18131] write(12, "\1\0\0\0\0\0\0\0", 8 <unfinished ...>
[pid 18148] <... getpid resumed>)       = 18146
[pid 18131] <... write resumed>)        = 8
[pid 18148] poll([{fd=6, events=POLLIN}], 1, 0 <unfinished ...>
[pid 18131] epoll_wait(13,  <unfinished ...>
[pid 18148] <... poll resumed>)         = 1 ([{fd=6, revents=POLLIN}])
[pid 18131] <... epoll_wait resumed>[{events=EPOLLIN, data={u32=2495709648, u64=94796718899664}}], 256, -1) = 1
[pid 18148] getpid( <unfinished ...>
[pid 18131] getpid( <unfinished ...>
[pid 18148] <... getpid resumed>)       = 18146
[pid 18131] <... getpid resumed>)       = 18127
[pid 18148] read(6,  <unfinished ...>
[pid 18131] poll([{fd=12, events=POLLIN}], 1, 0 <unfinished ...>
[pid 18148] <... read resumed>"\1\0\0\0\0\0\0\0", 8) = 8
[pid 18131] <... poll resumed>)         = 1 ([{fd=12, revents=POLLIN}])
[pid 18148] epoll_ctl(7, EPOLL_CTL_ADD, 22, {events=0, data={u32=2080377808, u64=140318661938128}} <unfinished ...>
[pid 18131] getpid( <unfinished ...>
[pid 18148] <... epoll_ctl resumed>)    = 0
[pid 18131] <... getpid resumed>)       = 18127
[pid 18148] epoll_ctl(7, EPOLL_CTL_MOD, 22, {events=EPOLLIN, data={u32=2080377808, u64=140318661938128}} <unfinished ...>
[pid 18131] read(12,  <unfinished ...>
[pid 18148] <... epoll_ctl resumed>)    = 0
[pid 18131] <... read resumed>"\1\0\0\0\0\0\0\0", 8) = 8
[pid 18148] epoll_ctl(7, EPOLL_CTL_MOD, 22, {events=EPOLLIN|EPOLLOUT, data={u32=2080377808, u64=140318661938128}} <unfinished ...>
[pid 18131] epoll_ctl(13, EPOLL_CTL_ADD, 23, {events=0, data={u32=1140860640, u64=140601190262496}} <unfinished ...>
[pid 18148] <... epoll_ctl resumed>)    = 0
[pid 18131] <... epoll_ctl resumed>)    = 0
[pid 18148] recvfrom(22,  <unfinished ...>
[pid 18131] epoll_ctl(13, EPOLL_CTL_MOD, 23, {events=EPOLLIN, data={u32=1140860640, u64=140601190262496}} <unfinished ...>
[pid 18148] <... recvfrom resumed>0x7f9e7c0012f8, 12, 0, NULL, NULL) = -1 EAGAIN (Resource temporarily unavailable)
[pid 18131] <... epoll_ctl resumed>)    = 0
[pid 18148] getpid( <unfinished ...>
[pid 18131] epoll_ctl(13, EPOLL_CTL_MOD, 23, {events=EPOLLIN|EPOLLOUT, data={u32=1140860640, u64=140601190262496}} <unfinished ...>
[pid 18148] <... getpid resumed>)       = 18146
[pid 18131] <... epoll_ctl resumed>)    = 0
[pid 18148] poll([{fd=6, events=POLLIN}], 1, 0 <unfinished ...>
[pid 18131] recvfrom(23,  <unfinished ...>
[pid 18148] <... poll resumed>)         = 0 (Timeout)
[pid 18131] <... recvfrom resumed>0x7fe044001f38, 12, 0, NULL, NULL) = -1 EAGAIN (Resource temporarily unavailable)
[pid 18148] epoll_wait(7,  <unfinished ...>
[pid 18131] getpid( <unfinished ...>
[pid 18148] <... epoll_wait resumed>[{events=EPOLLOUT, data={u32=2080377808, u64=140318661938128}}], 256, 30000) = 1
[pid 18131] <... getpid resumed>)       = 18127
[pid 18148] sendto(22, "\377\0\0\0\0\0\0\0\1\177", 10, 0, NULL, 0 <unfinished ...>
[pid 18131] poll([{fd=12, events=POLLIN}], 1, 0) = 0 (Timeout)
[pid 18131] epoll_wait(13, [{events=EPOLLIN|EPOLLOUT, data={u32=1140860640, u64=140601190262496}}], 256, 30000) = 1
[pid 18148] <... sendto resumed>)       = 10
[pid 18131] sendto(23, "\377\0\0\0\0\0\0\0\1\177", 10, 0, NULL, 0 <unfinished ...>
[pid 18148] epoll_ctl(7, EPOLL_CTL_MOD, 22, {events=EPOLLIN, data={u32=2080377808, u64=140318661938128}}) = 0
[pid 18148] epoll_wait(7,  <unfinished ...>
[pid 18131] <... sendto resumed>)       = 10
[pid 18148] <... epoll_wait resumed>[{events=EPOLLIN, data={u32=2080377808, u64=140318661938128}}], 256, 29999) = 1
[pid 18131] epoll_ctl(13, EPOLL_CTL_MOD, 23, {events=EPOLLIN, data={u32=1140860640, u64=140601190262496}} <unfinished ...>
[pid 18148] recvfrom(22,  <unfinished ...>
[pid 18131] <... epoll_ctl resumed>)    = 0
[pid 18148] <... recvfrom resumed>"\377\0\0\0\0\0\0\0\1\177", 12, 0, NULL, NULL) = 10
[pid 18131] recvfrom(23,  <unfinished ...>
[pid 18148] epoll_ctl(7, EPOLL_CTL_MOD, 22, {events=EPOLLIN|EPOLLOUT, data={u32=2080377808, u64=140318661938128}} <unfinished ...>
[pid 18131] <... recvfrom resumed>"\377\0\0\0\0\0\0\0\1\177", 12, 0, NULL, NULL) = 10
[pid 18148] <... epoll_ctl resumed>)    = 0
[pid 18131] epoll_ctl(13, EPOLL_CTL_MOD, 23, {events=EPOLLIN|EPOLLOUT, data={u32=1140860640, u64=140601190262496}} <unfinished ...>
[pid 18148] recvfrom(22,  <unfinished ...>
[pid 18131] <... epoll_ctl resumed>)    = 0
[pid 18148] <... recvfrom resumed>0x7f9e7c001302, 2, 0, NULL, NULL) = -1 EAGAIN (Resource temporarily unavailable)
[pid 18131] recvfrom(23,  <unfinished ...>
[pid 18148] epoll_wait(7,  <unfinished ...>
[pid 18131] <... recvfrom resumed>0x7fe044001f42, 2, 0, NULL, NULL) = -1 EAGAIN (Resource temporarily unavailable)
[pid 18148] <... epoll_wait resumed>[{events=EPOLLOUT, data={u32=2080377808, u64=140318661938128}}], 256, 29999) = 1
[pid 18131] epoll_wait(13,  <unfinished ...>
[pid 18148] sendto(22, "\3", 1, 0, NULL, 0 <unfinished ...>
[pid 18131] <... epoll_wait resumed>[{events=EPOLLOUT, data={u32=1140860640, u64=140601190262496}}], 256, 30000) = 1
[pid 18131] sendto(23, "\3", 1, 0, NULL, 0 <unfinished ...>
[pid 18148] <... sendto resumed>)       = 1
[pid 18148] epoll_ctl(7, EPOLL_CTL_MOD, 22, {events=EPOLLIN, data={u32=2080377808, u64=140318661938128}} <unfinished ...>
[pid 18131] <... sendto resumed>)       = 1
[pid 18148] <... epoll_ctl resumed>)    = 0
[pid 18131] epoll_ctl(13, EPOLL_CTL_MOD, 23, {events=EPOLLIN, data={u32=1140860640, u64=140601190262496}} <unfinished ...>
[pid 18148] epoll_wait(7,  <unfinished ...>
[pid 18131] <... epoll_ctl resumed>)    = 0
[pid 18148] <... epoll_wait resumed>[{events=EPOLLIN, data={u32=2080377808, u64=140318661938128}}], 256, 29999) = 1
[pid 18131] epoll_wait(13,  <unfinished ...>
[pid 18148] recvfrom(22,  <unfinished ...>
[pid 18131] <... epoll_wait resumed>[{events=EPOLLIN, data={u32=1140860640, u64=140601190262496}}], 256, 30000) = 1
[pid 18148] <... recvfrom resumed>"\3", 2, 0, NULL, NULL) = 1
[pid 18131] recvfrom(23,  <unfinished ...>
[pid 18148] epoll_ctl(7, EPOLL_CTL_MOD, 22, {events=EPOLLIN|EPOLLOUT, data={u32=2080377808, u64=140318661938128}} <unfinished ...>
[pid 18131] <... recvfrom resumed>"\3", 2, 0, NULL, NULL) = 1
[pid 18148] <... epoll_ctl resumed>)    = 0
[pid 18131] epoll_ctl(13, EPOLL_CTL_MOD, 23, {events=EPOLLIN|EPOLLOUT, data={u32=1140860640, u64=140601190262496}} <unfinished ...>
[pid 18148] recvfrom(22,  <unfinished ...>
[pid 18131] <... epoll_ctl resumed>)    = 0
[pid 18148] <... recvfrom resumed>0x7f9e7c001303, 53, 0, NULL, NULL) = -1 EAGAIN (Resource temporarily unavailable)
[pid 18131] recvfrom(23,  <unfinished ...>
[pid 18148] epoll_wait(7,  <unfinished ...>
[pid 18131] <... recvfrom resumed>0x7fe044001f43, 53, 0, NULL, NULL) = -1 EAGAIN (Resource temporarily unavailable)
[pid 18148] <... epoll_wait resumed>[{events=EPOLLOUT, data={u32=2080377808, u64=140318661938128}}], 256, 29998) = 1
[pid 18131] epoll_wait(13,  <unfinished ...>
[pid 18148] sendto(22, "\1NULL\0\0\0\0\0\0\0\0\0\0\0\0\0\0\0\0\0\0\0\0\0\0\0\0\0\0\0"..., 53, 0, NULL, 0 <unfinished ...>
[pid 18131] <... epoll_wait resumed>[{events=EPOLLOUT, data={u32=1140860640, u64=140601190262496}}], 256, 30000) = 1
[pid 18131] sendto(23, "\1NULL\0\0\0\0\0\0\0\0\0\0\0\0\0\0\0\0\0\0\0\0\0\0\0\0\0\0\0"..., 53, 0, NULL, 0 <unfinished ...>
[pid 18148] <... sendto resumed>)       = 53
[pid 18148] epoll_ctl(7, EPOLL_CTL_MOD, 22, {events=EPOLLIN, data={u32=2080377808, u64=140318661938128}} <unfinished ...>
[pid 18131] <... sendto resumed>)       = 53
[pid 18148] <... epoll_ctl resumed>)    = 0
[pid 18131] epoll_ctl(13, EPOLL_CTL_MOD, 23, {events=EPOLLIN, data={u32=1140860640, u64=140601190262496}} <unfinished ...>
[pid 18148] epoll_wait(7,  <unfinished ...>
[pid 18131] <... epoll_ctl resumed>)    = 0
[pid 18148] <... epoll_wait resumed>[{events=EPOLLIN, data={u32=2080377808, u64=140318661938128}}], 256, 29998) = 1
[pid 18131] epoll_wait(13,  <unfinished ...>
[pid 18148] recvfrom(22,  <unfinished ...>
[pid 18131] <... epoll_wait resumed>[{events=EPOLLIN, data={u32=1140860640, u64=140601190262496}}], 256, 29999) = 1
[pid 18148] <... recvfrom resumed>"\1NULL\0\0\0\0\0\0\0\0\0\0\0\0\0\0\0\0\0\0\0\0\0\0\0\0\0\0\0"..., 53, 0, NULL, NULL) = 53
[pid 18131] recvfrom(23, "\1NULL\0\0\0\0\0\0\0\0\0\0\0\0\0\0\0\0\0\0\0\0\0\0\0\0\0\0\0"..., 53, 0, NULL, NULL) = 53
[pid 18148] epoll_ctl(7, EPOLL_CTL_MOD, 22, {events=EPOLLIN|EPOLLOUT, data={u32=2080377808, u64=140318661938128}}) = 0
[pid 18131] epoll_ctl(13, EPOLL_CTL_MOD, 23, {events=EPOLLIN|EPOLLOUT, data={u32=1140860640, u64=140601190262496}} <unfinished ...>
[pid 18148] recvfrom(22,  <unfinished ...>
[pid 18131] <... epoll_ctl resumed>)    = 0
[pid 18148] <... recvfrom resumed>0x7f9e7c003b48, 8192, 0, NULL, NULL) = -1 EAGAIN (Resource temporarily unavailable)
[pid 18131] recvfrom(23,  <unfinished ...>
[pid 18148] epoll_wait(7,  <unfinished ...>
[pid 18131] <... recvfrom resumed>0x7fe0440047b8, 8192, 0, NULL, NULL) = -1 EAGAIN (Resource temporarily unavailable)
[pid 18148] <... epoll_wait resumed>[{events=EPOLLOUT, data={u32=2080377808, u64=140318661938128}}], 256, 29998) = 1
[pid 18131] epoll_wait(13,  <unfinished ...>
[pid 18148] sendto(22, "\4\32\5READY\vSocket-Type\0\0\0\4PAIR", 28, 0, NULL, 0 <unfinished ...>
[pid 18131] <... epoll_wait resumed>[{events=EPOLLOUT, data={u32=1140860640, u64=140601190262496}}], 256, 29999) = 1
[pid 18148] <... sendto resumed>)       = 28
[pid 18131] sendto(23, "\4\32\5READY\vSocket-Type\0\0\0\4PAIR", 28, 0, NULL, 0 <unfinished ...>
[pid 18148] epoll_wait(7, [{events=EPOLLIN|EPOLLOUT, data={u32=2080377808, u64=140318661938128}}], 256, 29998) = 1
[pid 18131] <... sendto resumed>)       = 28
[pid 18148] epoll_ctl(7, EPOLL_CTL_MOD, 22, {events=EPOLLIN, data={u32=2080377808, u64=140318661938128}} <unfinished ...>
[pid 18131] epoll_wait(13,  <unfinished ...>
[pid 18148] <... epoll_ctl resumed>)    = 0
[pid 18131] <... epoll_wait resumed>[{events=EPOLLIN|EPOLLOUT, data={u32=1140860640, u64=140601190262496}}], 256, 29999) = 1
[pid 18148] recvfrom(22,  <unfinished ...>
[pid 18131] epoll_ctl(13, EPOLL_CTL_MOD, 23, {events=EPOLLIN, data={u32=1140860640, u64=140601190262496}} <unfinished ...>
[pid 18148] <... recvfrom resumed>"\4\32\5READY\vSocket-Type\0\0\0\4PAIR", 8192, 0, NULL, NULL) = 28
[pid 18131] <... epoll_ctl resumed>)    = 0
[pid 18131] recvfrom(23,  <unfinished ...>
[pid 18148] getpid( <unfinished ...>
[pid 18131] <... recvfrom resumed>"\4\32\5READY\vSocket-Type\0\0\0\4PAIR", 8192, 0, NULL, NULL) = 28
[pid 18148] <... getpid resumed>)       = 18146
[pid 18148] write(8, "\1\0\0\0\0\0\0\0", 8 <unfinished ...>
[pid 18131] epoll_ctl(13, EPOLL_CTL_MOD, 23, {events=EPOLLIN|EPOLLOUT, data={u32=1140860640, u64=140601190262496}} <unfinished ...>
[pid 18148] <... write resumed>)        = 8
[pid 18146] <... poll resumed>)         = 1 ([{fd=8, revents=POLLIN}])
[pid 18131] <... epoll_ctl resumed>)    = 0
[pid 18146] getpid( <unfinished ...>
[pid 18131] epoll_ctl(13, EPOLL_CTL_MOD, 23, {events=EPOLLIN, data={u32=1140860640, u64=140601190262496}} <unfinished ...>
[pid 18146] <... getpid resumed>)       = 18146
[pid 18148] futex(0x7f9e8539c77c, FUTEX_WAKE_PRIVATE, 2147483647 <unfinished ...>
[pid 18131] <... epoll_ctl resumed>)    = 0
[pid 18148] <... futex resumed>)        = 0
[pid 18146] read(8,  <unfinished ...>
[pid 18131] epoll_wait(13,  <unfinished ...>
[pid 18146] <... read resumed>"\1\0\0\0\0\0\0\0", 8) = 8
[pid 18146] getpid()                    = 18146
[pid 18146] poll([{fd=8, events=POLLIN}], 1, 0) = 0 (Timeout)
[pid 18148] futex(0x7f9e8539c788, FUTEX_WAKE_PRIVATE, 2147483647 <unfinished ...>
[pid 18146] getpid( <unfinished ...>
[pid 18148] <... futex resumed>)        = 0
[pid 18146] <... getpid resumed>)       = 18146
[pid 18146] poll([{fd=8, events=POLLIN}], 1, -1 <unfinished ...>
[pid 18148] epoll_ctl(7, EPOLL_CTL_MOD, 22, {events=EPOLLIN|EPOLLOUT, data={u32=2080377808, u64=140318661938128}}) = 0
[pid 18148] epoll_ctl(7, EPOLL_CTL_MOD, 22, {events=EPOLLIN, data={u32=2080377808, u64=140318661938128}}) = 0
[pid 18148] epoll_wait(7, exec 4 start
 <unfinished ...>
[pid 17875] <... read resumed>"exec 4 start\n", 1024) = 13
[pid 17875] getpid()                    = 17875
[pid 17875] poll([{fd=8, events=POLLIN}], 1, 0) = 0 (Timeout)
[pid 17875] getpid()                    = 17875
[pid 17875] write(6, "\1\0\0\0\0\0\0\0", 8) = 8
[pid 17875] clock_nanosleep(CLOCK_REALTIME, 0, {tv_sec=0, tv_nsec=100000000},  <unfinished ...>
[pid 17877] <... epoll_wait resumed>[{events=EPOLLIN, data={u32=517015264, u64=94906409354976}}], 256, -1) = 1
[pid 17877] getpid()                    = 17875
[pid 17877] poll([{fd=6, events=POLLIN}], 1, 0) = 1 ([{fd=6, revents=POLLIN}])
[pid 17877] getpid()                    = 17875
[pid 17877] read(6, "\1\0\0\0\0\0\0\0", 8) = 8
[pid 17877] epoll_ctl(7, EPOLL_CTL_MOD, 9, {events=EPOLLIN|EPOLLOUT, data={u32=3221235424, u64=139959025542880}}) = 0
[pid 17877] sendto(9, "\0-{\"action\":1,\"id\":4,\"maxDepth\":"..., 47, 0, NULL, 0) = 47
[pid 18129] <... epoll_wait resumed>[{events=EPOLLIN, data={u32=1275071440, u64=140601324473296}}], 256, -1) = 1
[pid 17877] getpid( <unfinished ...>
[pid 18129] recvfrom(22,  <unfinished ...>
[pid 17877] <... getpid resumed>)       = 17875
[pid 18129] <... recvfrom resumed>"\0-{\"action\":1,\"id\":4,\"maxDepth\":"..., 8192, 0, NULL, NULL) = 47
[pid 17877] poll([{fd=6, events=POLLIN}], 1, 0 <unfinished ...>
[pid 18129] getpid( <unfinished ...>
[pid 17877] <... poll resumed>)         = 0 (Timeout)
[pid 18129] <... getpid resumed>)       = 18127
[pid 17877] epoll_wait(7,  <unfinished ...>
[pid 18129] write(8, "\1\0\0\0\0\0\0\0", 8 <unfinished ...>
[pid 17877] <... epoll_wait resumed>[{events=EPOLLOUT, data={u32=3221235424, u64=139959025542880}}], 256, -1) = 1
[pid 18129] <... write resumed>)        = 8
[pid 18127] <... poll resumed>)         = 1 ([{fd=8, revents=POLLIN}])
[pid 18129] epoll_wait(7,  <unfinished ...>
[pid 17877] epoll_ctl(7, EPOLL_CTL_MOD, 9, {events=EPOLLIN, data={u32=3221235424, u64=139959025542880}} <unfinished ...>
[pid 18127] getpid( <unfinished ...>
[pid 17877] <... epoll_ctl resumed>)    = 0
[pid 18127] <... getpid resumed>)       = 18127
[pid 17877] epoll_wait(7,  <unfinished ...>
[pid 18127] read(8, "\1\0\0\0\0\0\0\0", 8) = 8
[pid 18127] getpid()                    = 18127
[pid 18127] poll([{fd=8, events=POLLIN}], 1, 0) = 0 (Timeout)
[pid 18127] getpid()                    = 18127
[pid 18127] poll([{fd=14, events=POLLIN}], 1, 0) = 1 ([{fd=14, revents=POLLIN}])
[pid 18127] getpid()                    = 18127
[pid 18127] read(14, "\1\0\0\0\0\0\0\0", 8) = 8
[pid 18127] getpid()                    = 18127
[pid 18127] poll([{fd=14, events=POLLIN}], 1, 0) = 0 (Timeout)
[pid 18127] getpid()                    = 18127
[pid 18127] write(12, "\1\0\0\0\0\0\0\0", 8) = 8
[pid 18127] clock_nanosleep(CLOCK_REALTIME, 0, {tv_sec=0, tv_nsec=40000000},  <unfinished ...>
[pid 18131] <... epoll_wait resumed>[{events=EPOLLIN, data={u32=2495709648, u64=94796718899664}}], 256, -1) = 1
[pid 18131] getpid()                    = 18127
[pid 18131] poll([{fd=12, events=POLLIN}], 1, 0) = 1 ([{fd=12, revents=POLLIN}])
[pid 18131] getpid()                    = 18127
[pid 18131] read(12, "\1\0\0\0\0\0\0\0", 8) = 8
[pid 18131] epoll_ctl(13, EPOLL_CTL_MOD, 23, {events=EPOLLIN|EPOLLOUT, data={u32=1140860640, u64=140601190262496}}) = 0
[pid 18131] sendto(23, "\0+{\"action\":1,\"id\":4,\"maxDepth\":"..., 45, 0, NULL, 0) = 45
[pid 18148] <... epoll_wait resumed>[{events=EPOLLIN, data={u32=2080377808, u64=140318661938128}}], 256, -1) = 1
[pid 18131] getpid( <unfinished ...>
[pid 18148] recvfrom(22,  <unfinished ...>
[pid 18131] <... getpid resumed>)       = 18127
[pid 18148] <... recvfrom resumed>"\0+{\"action\":1,\"id\":4,\"maxDepth\":"..., 8192, 0, NULL, NULL) = 45
[pid 18131] poll([{fd=12, events=POLLIN}], 1, 0) = 0 (Timeout)
[pid 18148] getpid( <unfinished ...>
[pid 18131] epoll_wait(13,  <unfinished ...>
[pid 18148] <... getpid resumed>)       = 18146
[pid 18131] <... epoll_wait resumed>[{events=EPOLLOUT, data={u32=1140860640, u64=140601190262496}}], 256, -1) = 1
[pid 18148] write(8, "\1\0\0\0\0\0\0\0", 8 <unfinished ...>
[pid 18131] epoll_ctl(13, EPOLL_CTL_MOD, 23, {events=EPOLLIN, data={u32=1140860640, u64=140601190262496}} <unfinished ...>
[pid 18148] <... write resumed>)        = 8
[pid 18146] <... poll resumed>)         = 1 ([{fd=8, revents=POLLIN}])
[pid 18148] epoll_wait(7,  <unfinished ...>
[pid 18131] <... epoll_ctl resumed>)    = 0
[pid 18146] getpid( <unfinished ...>
[pid 18131] epoll_wait(13,  <unfinished ...>
[pid 18146] <... getpid resumed>)       = 18146
[pid 18146] read(8, "\1\0\0\0\0\0\0\0", 8) = 8
[pid 18146] getpid()                    = 18146
[pid 18146] poll([{fd=8, events=POLLIN}], 1, 0) = 0 (Timeout)
[pid 18146] getpid()                    = 18146
[pid 18146] poll([{fd=8, events=POLLIN}], 1, 0) = 0 (Timeout)
[pid 18146] getpid()                    = 18146
[pid 18146] write(6, "\1\0\0\0\0\0\0\0", 8) = 8
[pid 18148] <... epoll_wait resumed>[{events=EPOLLIN, data={u32=3958605536, u64=94132461864672}}], 256, -1) = 1
[pid 18146] getpid( <unfinished ...>
[pid 18148] getpid( <unfinished ...>
[pid 18146] <... getpid resumed>)       = 18146
[pid 18148] <... getpid resumed>)       = 18146
[pid 18146] poll([{fd=8, events=POLLIN}], 1, -1 <unfinished ...>
[pid 18148] poll([{fd=6, events=POLLIN}], 1, 0) = 1 ([{fd=6, revents=POLLIN}])
[pid 18148] getpid()                    = 18146
[pid 18148] read(6, "\1\0\0\0\0\0\0\0", 8) = 8
[pid 18148] epoll_ctl(7, EPOLL_CTL_MOD, 22, {events=EPOLLIN|EPOLLOUT, data={u32=2080377808, u64=140318661938128}}) = 0
[pid 18148] sendto(22, "\0\f{\"status\":0}", 14, 0, NULL, 0) = 14
[pid 18131] <... epoll_wait resumed>[{events=EPOLLIN, data={u32=1140860640, u64=140601190262496}}], 256, -1) = 1
[pid 18148] getpid( <unfinished ...>
[pid 18131] recvfrom(23,  <unfinished ...>
[pid 18148] <... getpid resumed>)       = 18146
[pid 18131] <... recvfrom resumed>"\0\f{\"status\":0}", 8192, 0, NULL, NULL) = 14
[pid 18148] poll([{fd=6, events=POLLIN}], 1, 0 <unfinished ...>
[pid 18131] epoll_wait(13,  <unfinished ...>
[pid 18148] <... poll resumed>)         = 0 (Timeout)
[pid 18148] epoll_wait(7, [{events=EPOLLOUT, data={u32=2080377808, u64=140318661938128}}], 256, -1) = 1
[pid 18148] epoll_ctl(7, EPOLL_CTL_MOD, 22, {events=EPOLLIN, data={u32=2080377808, u64=140318661938128}}) = 0
[pid 18148] epoll_wait(7,  <unfinished ...>
[pid 18127] <... clock_nanosleep resumed>0x7fffb6ab4580) = 0
[pid 18127] getpid()                    = 18127
[pid 18127] poll([{fd=8, events=POLLIN}], 1, 0) = 0 (Timeout)
[pid 18127] getpid()                    = 18127
[pid 18127] write(6, "\1\0\0\0\0\0\0\0", 8) = 8
[pid 18127] getpid()                    = 18127
[pid 18129] <... epoll_wait resumed>[{events=EPOLLIN, data={u32=2495727328, u64=94796718917344}}], 256, -1) = 1
[pid 18127] poll([{fd=8, events=POLLIN}], 1, -1 <unfinished ...>
[pid 18129] getpid()                    = 18127
[pid 18129] poll([{fd=6, events=POLLIN}], 1, 0) = 1 ([{fd=6, revents=POLLIN}])
[pid 18129] getpid()                    = 18127
[pid 18129] read(6, "\1\0\0\0\0\0\0\0", 8) = 8
[pid 18129] epoll_ctl(7, EPOLL_CTL_MOD, 22, {events=EPOLLIN|EPOLLOUT, data={u32=1275071440, u64=140601324473296}}) = 0
[pid 18129] sendto(22, "\0\f{\"status\":0}", 14, 0, NULL, 0) = 14
[pid 17877] <... epoll_wait resumed>[{events=EPOLLIN, data={u32=3221235424, u64=139959025542880}}], 256, -1) = 1
[pid 18129] getpid()                    = 18127
[pid 17877] recvfrom(9,  <unfinished ...>
[pid 18129] poll([{fd=6, events=POLLIN}], 1, 0 <unfinished ...>
[pid 17877] <... recvfrom resumed>"\0\f{\"status\":0}", 8192, 0, NULL, NULL) = 14
[pid 18129] <... poll resumed>)         = 0 (Timeout)
[pid 17877] epoll_wait(7,  <unfinished ...>
[pid 18129] epoll_wait(7, [{events=EPOLLOUT, data={u32=1275071440, u64=140601324473296}}], 256, -1) = 1
[pid 18129] epoll_ctl(7, EPOLL_CTL_MOD, 22, {events=EPOLLIN, data={u32=1275071440, u64=140601324473296}}) = 0
[pid 18129] epoll_wait(7,  <unfinished ...>
[pid 17875] <... clock_nanosleep resumed>0x7ffcff5bd000) = 0
[pid 17875] write(1, "OK: 4\n", 6OK: 4
)      = 6
[pid 17875] write(1, "> ", 2> )           = 2
[pid 17875] read(0, exec 4 time
"exec 4 time\n", 1024) = 12
[pid 17875] getpid()                    = 17875
[pid 17875] poll([{fd=8, events=POLLIN}], 1, 0) = 0 (Timeout)
[pid 17875] getpid()                    = 17875
[pid 17875] write(6, "\1\0\0\0\0\0\0\0", 8) = 8
[pid 17877] <... epoll_wait resumed>[{events=EPOLLIN, data={u32=517015264, u64=94906409354976}}], 256, -1) = 1
[pid 17875] clock_nanosleep(CLOCK_REALTIME, 0, {tv_sec=0, tv_nsec=100000000},  <unfinished ...>
[pid 17877] getpid()                    = 17875
[pid 17877] poll([{fd=6, events=POLLIN}], 1, 0) = 1 ([{fd=6, revents=POLLIN}])
[pid 17877] getpid()                    = 17875
[pid 17877] read(6, "\1\0\0\0\0\0\0\0", 8) = 8
[pid 17877] epoll_ctl(7, EPOLL_CTL_MOD, 9, {events=EPOLLIN|EPOLLOUT, data={u32=3221235424, u64=139959025542880}}) = 0
[pid 17877] sendto(9, "\0-{\"action\":0,\"id\":4,\"maxDepth\":"..., 47, 0, NULL, 0 <unfinished ...>
[pid 18129] <... epoll_wait resumed>[{events=EPOLLIN, data={u32=1275071440, u64=140601324473296}}], 256, -1) = 1
[pid 17877] <... sendto resumed>)       = 47
[pid 18129] recvfrom(22,  <unfinished ...>
[pid 17877] getpid( <unfinished ...>
[pid 18129] <... recvfrom resumed>"\0-{\"action\":0,\"id\":4,\"maxDepth\":"..., 8192, 0, NULL, NULL) = 47
[pid 17877] <... getpid resumed>)       = 17875
[pid 18129] getpid( <unfinished ...>
[pid 17877] poll([{fd=6, events=POLLIN}], 1, 0 <unfinished ...>
[pid 18129] <... getpid resumed>)       = 18127
[pid 17877] <... poll resumed>)         = 0 (Timeout)
[pid 18129] write(8, "\1\0\0\0\0\0\0\0", 8 <unfinished ...>
[pid 17877] epoll_wait(7,  <unfinished ...>
[pid 18129] <... write resumed>)        = 8
[pid 18127] <... poll resumed>)         = 1 ([{fd=8, revents=POLLIN}])
[pid 18129] epoll_wait(7,  <unfinished ...>
[pid 17877] <... epoll_wait resumed>[{events=EPOLLOUT, data={u32=3221235424, u64=139959025542880}}], 256, -1) = 1
[pid 18127] getpid( <unfinished ...>
[pid 17877] epoll_ctl(7, EPOLL_CTL_MOD, 9, {events=EPOLLIN, data={u32=3221235424, u64=139959025542880}} <unfinished ...>
[pid 18127] <... getpid resumed>)       = 18127
[pid 17877] <... epoll_ctl resumed>)    = 0
[pid 18127] read(8,  <unfinished ...>
[pid 17877] epoll_wait(7,  <unfinished ...>
[pid 18127] <... read resumed>"\1\0\0\0\0\0\0\0", 8) = 8
[pid 18127] getpid()                    = 18127
[pid 18127] poll([{fd=8, events=POLLIN}], 1, 0) = 0 (Timeout)
[pid 18127] getpid()                    = 18127
[pid 18127] poll([{fd=14, events=POLLIN}], 1, 0) = 0 (Timeout)
[pid 18127] getpid()                    = 18127
[pid 18127] write(12, "\1\0\0\0\0\0\0\0", 8 <unfinished ...>
[pid 18131] <... epoll_wait resumed>[{events=EPOLLIN, data={u32=2495709648, u64=94796718899664}}], 256, -1) = 1
[pid 18127] <... write resumed>)        = 8
[pid 18131] getpid( <unfinished ...>
[pid 18127] clock_nanosleep(CLOCK_REALTIME, 0, {tv_sec=0, tv_nsec=40000000},  <unfinished ...>
[pid 18131] <... getpid resumed>)       = 18127
[pid 18131] poll([{fd=12, events=POLLIN}], 1, 0) = 1 ([{fd=12, revents=POLLIN}])
[pid 18131] getpid()                    = 18127
[pid 18131] read(12, "\1\0\0\0\0\0\0\0", 8) = 8
[pid 18131] epoll_ctl(13, EPOLL_CTL_MOD, 23, {events=EPOLLIN|EPOLLOUT, data={u32=1140860640, u64=140601190262496}}) = 0
[pid 18131] sendto(23, "\0+{\"action\":0,\"id\":4,\"maxDepth\":"..., 45, 0, NULL, 0 <unfinished ...>
[pid 18148] <... epoll_wait resumed>[{events=EPOLLIN, data={u32=2080377808, u64=140318661938128}}], 256, -1) = 1
[pid 18131] <... sendto resumed>)       = 45
[pid 18148] recvfrom(22,  <unfinished ...>
[pid 18131] getpid( <unfinished ...>
[pid 18148] <... recvfrom resumed>"\0+{\"action\":0,\"id\":4,\"maxDepth\":"..., 8192, 0, NULL, NULL) = 45
[pid 18131] <... getpid resumed>)       = 18127
[pid 18148] getpid( <unfinished ...>
[pid 18131] poll([{fd=12, events=POLLIN}], 1, 0 <unfinished ...>
[pid 18148] <... getpid resumed>)       = 18146
[pid 18131] <... poll resumed>)         = 0 (Timeout)
[pid 18148] write(8, "\1\0\0\0\0\0\0\0", 8 <unfinished ...>
[pid 18131] epoll_wait(13,  <unfinished ...>
[pid 18148] <... write resumed>)        = 8
[pid 18131] <... epoll_wait resumed>[{events=EPOLLOUT, data={u32=1140860640, u64=140601190262496}}], 256, -1) = 1
[pid 18148] epoll_wait(7,  <unfinished ...>
[pid 18146] <... poll resumed>)         = 1 ([{fd=8, revents=POLLIN}])
[pid 18131] epoll_ctl(13, EPOLL_CTL_MOD, 23, {events=EPOLLIN, data={u32=1140860640, u64=140601190262496}} <unfinished ...>
[pid 18146] getpid( <unfinished ...>
[pid 18131] <... epoll_ctl resumed>)    = 0
[pid 18146] <... getpid resumed>)       = 18146
[pid 18131] epoll_wait(13,  <unfinished ...>
[pid 18146] read(8, "\1\0\0\0\0\0\0\0", 8) = 8
[pid 18146] getpid()                    = 18146
[pid 18146] poll([{fd=8, events=POLLIN}], 1, 0) = 0 (Timeout)
[pid 18146] getpid()                    = 18146
[pid 18146] poll([{fd=8, events=POLLIN}], 1, 0) = 0 (Timeout)
[pid 18146] getpid()                    = 18146
[pid 18146] write(6, "\1\0\0\0\0\0\0\0", 8) = 8
[pid 18148] <... epoll_wait resumed>[{events=EPOLLIN, data={u32=3958605536, u64=94132461864672}}], 256, -1) = 1
[pid 18146] getpid( <unfinished ...>
[pid 18148] getpid( <unfinished ...>
[pid 18146] <... getpid resumed>)       = 18146
[pid 18148] <... getpid resumed>)       = 18146
[pid 18146] poll([{fd=8, events=POLLIN}], 1, -1 <unfinished ...>
[pid 18148] poll([{fd=6, events=POLLIN}], 1, 0) = 1 ([{fd=6, revents=POLLIN}])
[pid 18148] getpid()                    = 18146
[pid 18148] read(6, "\1\0\0\0\0\0\0\0", 8) = 8
[pid 18148] epoll_ctl(7, EPOLL_CTL_MOD, 22, {events=EPOLLIN|EPOLLOUT, data={u32=2080377808, u64=140318661938128}}) = 0
[pid 18148] sendto(22, "\0\32{\"result\":4299,\"status\":0}", 28, 0, NULL, 0) = 28
[pid 18131] <... epoll_wait resumed>[{events=EPOLLIN, data={u32=1140860640, u64=140601190262496}}], 256, -1) = 1
[pid 18148] getpid( <unfinished ...>
[pid 18131] recvfrom(23,  <unfinished ...>
[pid 18148] <... getpid resumed>)       = 18146
[pid 18131] <... recvfrom resumed>"\0\32{\"result\":4299,\"status\":0}", 8192, 0, NULL, NULL) = 28
[pid 18148] poll([{fd=6, events=POLLIN}], 1, 0 <unfinished ...>
[pid 18131] epoll_wait(13,  <unfinished ...>
[pid 18148] <... poll resumed>)         = 0 (Timeout)
[pid 18148] epoll_wait(7, [{events=EPOLLOUT, data={u32=2080377808, u64=140318661938128}}], 256, -1) = 1
[pid 18148] epoll_ctl(7, EPOLL_CTL_MOD, 22, {events=EPOLLIN, data={u32=2080377808, u64=140318661938128}}) = 0
[pid 18148] epoll_wait(7,  <unfinished ...>
[pid 18127] <... clock_nanosleep resumed>0x7fffb6ab4580) = 0
[pid 18127] getpid()                    = 18127
[pid 18127] poll([{fd=8, events=POLLIN}], 1, 0) = 0 (Timeout)
[pid 18127] getpid()                    = 18127
[pid 18127] write(6, "\1\0\0\0\0\0\0\0", 8 <unfinished ...>
[pid 18129] <... epoll_wait resumed>[{events=EPOLLIN, data={u32=2495727328, u64=94796718917344}}], 256, -1) = 1
[pid 18127] <... write resumed>)        = 8
[pid 18129] getpid( <unfinished ...>
[pid 18127] getpid( <unfinished ...>
[pid 18129] <... getpid resumed>)       = 18127
[pid 18127] <... getpid resumed>)       = 18127
[pid 18129] poll([{fd=6, events=POLLIN}], 1, 0 <unfinished ...>
[pid 18127] poll([{fd=8, events=POLLIN}], 1, -1 <unfinished ...>
[pid 18129] <... poll resumed>)         = 1 ([{fd=6, revents=POLLIN}])
[pid 18129] getpid()                    = 18127
[pid 18129] read(6, "\1\0\0\0\0\0\0\0", 8) = 8
[pid 18129] epoll_ctl(7, EPOLL_CTL_MOD, 22, {events=EPOLLIN|EPOLLOUT, data={u32=1275071440, u64=140601324473296}}) = 0
[pid 18129] sendto(22, "\0\32{\"result\":4299,\"status\":0}", 28, 0, NULL, 0) = 28
[pid 17877] <... epoll_wait resumed>[{events=EPOLLIN, data={u32=3221235424, u64=139959025542880}}], 256, -1) = 1
[pid 18129] getpid()                    = 18127
[pid 17877] recvfrom(9,  <unfinished ...>
[pid 18129] poll([{fd=6, events=POLLIN}], 1, 0 <unfinished ...>
[pid 17877] <... recvfrom resumed>"\0\32{\"result\":4299,\"status\":0}", 8192, 0, NULL, NULL) = 28
[pid 18129] <... poll resumed>)         = 0 (Timeout)
[pid 17877] epoll_wait(7,  <unfinished ...>
[pid 18129] epoll_wait(7, [{events=EPOLLOUT, data={u32=1275071440, u64=140601324473296}}], 256, -1) = 1
[pid 18129] epoll_ctl(7, EPOLL_CTL_MOD, 22, {events=EPOLLIN, data={u32=1275071440, u64=140601324473296}}) = 0
[pid 18129] epoll_wait(7,  <unfinished ...>
[pid 17875] <... clock_nanosleep resumed>0x7ffcff5bd000) = 0
[pid 17875] write(1, "OK: 4 4299ms\n", 13OK: 4 4299ms
) = 13
[pid 17875] write(1, "> ", 2> )           = 2
[pid 17875] read(0, "", 1024)           = 0
[pid 17875] kill(18127, SIGKILL)        = 0
[pid 18133] <... epoll_wait resumed> <unfinished ...>) = ?
[pid 18132] <... epoll_wait resumed> <unfinished ...>) = ?
[pid 18131] <... epoll_wait resumed> <unfinished ...>) = ?
[pid 18130] <... epoll_wait resumed> <unfinished ...>) = ?
[pid 18129] <... epoll_wait resumed> <unfinished ...>) = ?
[pid 18128] <... epoll_wait resumed> <unfinished ...>) = ?
[pid 18127] <... poll resumed> <unfinished ...>) = ?
[pid 17875] kill(18146, SIGKILL <unfinished ...>
[pid 18133] +++ killed by SIGKILL +++
[pid 18132] +++ killed by SIGKILL +++
[pid 18131] +++ killed by SIGKILL +++
[pid 18130] +++ killed by SIGKILL +++
[pid 18129] +++ killed by SIGKILL +++
[pid 18128] +++ killed by SIGKILL +++
[pid 17875] <... kill resumed>)         = 0
[pid 18152] <... epoll_wait resumed> <unfinished ...>) = ?
[pid 18151] <... epoll_wait resumed> <unfinished ...>) = ?
[pid 18150] <... epoll_wait resumed> <unfinished ...>) = ?
[pid 18149] <... epoll_wait resumed> <unfinished ...>) = ?
[pid 18148] <... epoll_wait resumed> <unfinished ...>) = ?
[pid 18147] <... epoll_wait resumed> <unfinished ...>) = ?
[pid 17875] getpid( <unfinished ...>
[pid 18152] +++ killed by SIGKILL +++
[pid 18151] +++ killed by SIGKILL +++
[pid 18150] +++ killed by SIGKILL +++
[pid 18149] +++ killed by SIGKILL +++
[pid 18148] +++ killed by SIGKILL +++
[pid 18147] +++ killed by SIGKILL +++
[pid 18146] <... poll resumed> <unfinished ...>) = ?
[pid 17875] <... getpid resumed>)       = 17875
[pid 17875] write(4, "\1\0\0\0\0\0\0\0", 8) = 8
[pid 17876] <... epoll_wait resumed>[{events=EPOLLIN, data={u32=516993632, u64=94906409333344}}], 256, -1) = 1
[pid 17875] getpid()                    = 17875
[pid 17876] getpid( <unfinished ...>
[pid 17875] getpid( <unfinished ...>
[pid 17876] <... getpid resumed>)       = 17875
[pid 17875] <... getpid resumed>)       = 17875
[pid 17876] getpid( <unfinished ...>
[pid 17875] write(8, "\1\0\0\0\0\0\0\0", 8 <unfinished ...>
[pid 17876] <... getpid resumed>)       = 17875
[pid 17875] <... write resumed>)        = 8
[pid 17876] poll([{fd=4, events=POLLIN}], 1, 0 <unfinished ...>
[pid 17875] getpid( <unfinished ...>
[pid 17876] <... poll resumed>)         = 1 ([{fd=4, revents=POLLIN}])
[pid 17875] <... getpid resumed>)       = 17875
[pid 17876] getpid( <unfinished ...>
[pid 17875] poll([{fd=3, events=POLLIN}], 1, -1 <unfinished ...>
[pid 17876] <... getpid resumed>)       = 17875
[pid 17876] read(4, "\1\0\0\0\0\0\0\0", 8) = 8
[pid 17876] mmap(NULL, 134217728, PROT_NONE, MAP_PRIVATE|MAP_ANONYMOUS|MAP_NORESERVE, -1, 0 <unfinished ...>
[pid 17877] <... epoll_wait resumed>[{events=EPOLLIN, data={u32=3221235424, u64=139959025542880}}], 256, -1) = 1
[pid 17876] <... mmap resumed>)         = 0x7f4ab8000000
[pid 17877] recvfrom(9,  <unfinished ...>
[pid 17876] munmap(0x7f4abc000000, 67108864 <unfinished ...>
[pid 18127] +++ killed by SIGKILL +++
[pid 17877] <... recvfrom resumed>"", 8192, 0, NULL, NULL) = 0
[pid 17875] <... poll resumed>)         = ? ERESTART_RESTARTBLOCK (Interrupted by signal)
[pid 17876] <... munmap resumed>)       = 0
[pid 17875] --- SIGCHLD {si_signo=SIGCHLD, si_code=CLD_KILLED, si_pid=18127, si_uid=1000, si_status=SIGKILL, si_utime=0, si_stime=1} ---
[pid 17877] getpid( <unfinished ...>
[pid 18146] +++ killed by SIGKILL +++
[pid 17875] restart_syscall(<... resuming interrupted poll ...> <unfinished ...>
[pid 17876] mprotect(0x7f4ab8000000, 135168, PROT_READ|PROT_WRITE <unfinished ...>
[pid 17877] <... getpid resumed>)       = 17875
[pid 17876] <... mprotect resumed>)     = 0
[pid 17877] write(6, "\1\0\0\0\0\0\0\0", 8) = 8
[pid 17876] epoll_ctl(5, EPOLL_CTL_ADD, 8, {events=0, data={u32=3087010672, u64=139958891318128}} <unfinished ...>
[pid 17877] epoll_ctl(7, EPOLL_CTL_DEL, 9, 0x7f4ac00026e4 <unfinished ...>
[pid 17876] <... epoll_ctl resumed>)    = 0
[pid 17877] <... epoll_ctl resumed>)    = 0
[pid 17876] epoll_ctl(5, EPOLL_CTL_MOD, 8, {events=EPOLLIN, data={u32=3087010672, u64=139958891318128}} <unfinished ...>
[pid 17877] close(9 <unfinished ...>
[pid 17876] <... epoll_ctl resumed>)    = 0
[pid 17876] getpid()                    = 17875
[pid 17877] <... close resumed>)        = 0
[pid 17876] getpid( <unfinished ...>
[pid 17877] epoll_wait(7,  <unfinished ...>
[pid 17876] <... getpid resumed>)       = 17875
[pid 17877] <... epoll_wait resumed>[{events=EPOLLIN, data={u32=517015264, u64=94906409354976}}], 256, -1) = 1
[pid 17876] poll([{fd=4, events=POLLIN}], 1, 0 <unfinished ...>
[pid 17877] getpid( <unfinished ...>
[pid 17876] <... poll resumed>)         = 0 (Timeout)
[pid 17877] <... getpid resumed>)       = 17875
[pid 17876] epoll_wait(5,  <unfinished ...>
[pid 17877] poll([{fd=6, events=POLLIN}], 1, 0 <unfinished ...>
[pid 17876] <... epoll_wait resumed>[{events=EPOLLIN, data={u32=3087010672, u64=139958891318128}}], 256, -1) = 1
[pid 17877] <... poll resumed>)         = 1 ([{fd=6, revents=POLLIN}])
[pid 17876] getpid( <unfinished ...>
[pid 17877] getpid( <unfinished ...>
[pid 17876] <... getpid resumed>)       = 17875
[pid 17877] <... getpid resumed>)       = 17875
[pid 17876] poll([{fd=8, events=POLLIN}], 1, 0 <unfinished ...>
[pid 17877] read(6,  <unfinished ...>
[pid 17876] <... poll resumed>)         = 1 ([{fd=8, revents=POLLIN}])
[pid 17877] <... read resumed>"\1\0\0\0\0\0\0\0", 8) = 8
[pid 17876] getpid( <unfinished ...>
[pid 17877] getpid( <unfinished ...>
[pid 17876] <... getpid resumed>)       = 17875
[pid 17877] <... getpid resumed>)       = 17875
[pid 17876] read(8,  <unfinished ...>
[pid 17877] poll([{fd=6, events=POLLIN}], 1, 0 <unfinished ...>
[pid 17876] <... read resumed>"\1\0\0\0\0\0\0\0", 8) = 8
[pid 17877] <... poll resumed>)         = 0 (Timeout)
[pid 17876] getpid( <unfinished ...>
[pid 17877] epoll_wait(7,  <unfinished ...>
[pid 17876] <... getpid resumed>)       = 17875
[pid 17876] write(6, "\1\0\0\0\0\0\0\0", 8 <unfinished ...>
[pid 17877] <... epoll_wait resumed>[{events=EPOLLIN, data={u32=517015264, u64=94906409354976}}], 256, 125) = 1
[pid 17876] <... write resumed>)        = 8
[pid 17877] getpid( <unfinished ...>
[pid 17876] getpid( <unfinished ...>
[pid 17877] <... getpid resumed>)       = 17875
[pid 17876] <... getpid resumed>)       = 17875
[pid 17877] poll([{fd=6, events=POLLIN}], 1, 0 <unfinished ...>
[pid 17876] poll([{fd=8, events=POLLIN}], 1, 0 <unfinished ...>
[pid 17877] <... poll resumed>)         = 1 ([{fd=6, revents=POLLIN}])
[pid 17876] <... poll resumed>)         = 0 (Timeout)
[pid 17877] getpid( <unfinished ...>
[pid 17876] epoll_wait(5,  <unfinished ...>
[pid 17877] <... getpid resumed>)       = 17875
[pid 17877] read(6, "\1\0\0\0\0\0\0\0", 8) = 8
[pid 17877] getpid()                    = 17875
[pid 17877] write(8, "\1\0\0\0\0\0\0\0", 8) = 8
[pid 17876] <... epoll_wait resumed>[{events=EPOLLIN, data={u32=3087010672, u64=139958891318128}}], 256, -1) = 1
[pid 17877] getpid( <unfinished ...>
[pid 17876] getpid( <unfinished ...>
[pid 17877] <... getpid resumed>)       = 17875
[pid 17876] <... getpid resumed>)       = 17875
[pid 17877] poll([{fd=6, events=POLLIN}], 1, 0 <unfinished ...>
[pid 17876] poll([{fd=8, events=POLLIN}], 1, 0 <unfinished ...>
[pid 17877] <... poll resumed>)         = 0 (Timeout)
[pid 17876] <... poll resumed>)         = 1 ([{fd=8, revents=POLLIN}])
[pid 17877] epoll_wait(7,  <unfinished ...>
[pid 17876] getpid()                    = 17875
[pid 17876] read(8, "\1\0\0\0\0\0\0\0", 8) = 8
[pid 17876] getpid()                    = 17875
